{
  "exclude": {
    "files": "^.secrets.baseline$",
    "lines": null
  },
  "generated_at": "2026-07-24T14:34:20Z",
  "plugins_used": [
    {
      "name": "AWSKeyDetector"
    },
    {
      "name": "ArtifactoryDetector"
    },
    {
      "name": "AzureStorageKeyDetector"
    },
    {
      "base64_limit": 4.5,
      "name": "Base64HighEntropyString"
    },
    {
      "name": "BasicAuthDetector"
    },
    {
      "name": "BoxDetector"
    },
    {
      "name": "CloudantDetector"
    },
    {
      "ghe_instance": "github.ibm.com",
      "name": "GheDetector"
    },
    {
      "name": "GitHubTokenDetector"
    },
    {
      "hex_limit": 3,
      "name": "HexHighEntropyString"
    },
    {
      "name": "IbmCloudIamDetector"
    },
    {
      "name": "IbmCosHmacDetector"
    },
    {
      "name": "JwtTokenDetector"
    },
    {
      "keyword_exclude": null,
      "name": "KeywordDetector"
    },
    {
      "name": "MailchimpDetector"
    },
    {
      "name": "NpmDetector"
    },
    {
      "name": "PrivateKeyDetector"
    },
    {
      "name": "SlackDetector"
    },
    {
      "name": "SoftlayerDetector"
    },
    {
      "name": "SquareOAuthDetector"
    },
    {
      "name": "StripeDetector"
    },
    {
      "name": "TwilioKeyDetector"
    }
  ],
  "results": {
    "clusters/kind/go.sum": [
      {
        "hashed_secret": "1a7c8e6659d9a6d8d2296be076f3bb3776567acc",
        "is_verified": false,
        "line_number": 1,
        "type": "Base64 High Entropy String",
        "verified_result": null
      },
      {
        "hashed_secret": "3849b0e4d94f46f8e5f0d2e3e73cd7d5f17b4ea4",
        "is_verified": false,
        "line_number": 2,
        "type": "Base64 High Entropy String",
        "verified_result": null
      },
      {
        "hashed_secret": "31446815d67d85f63f61e3b479de4850fc090019",
        "is_verified": false,
        "line_number": 3,
        "type": "Base64 High Entropy String",
        "verified_result": null
      },
      {
        "hashed_secret": "d0c0a5153b80bbfb57f88123f325833d905cd257",
        "is_verified": false,
        "line_number": 4,
        "type": "Base64 High Entropy String",
        "verified_result": null
      },
      {
        "hashed_secret": "b6be82d2f70bc47906119497e72d3d24ea143518",
        "is_verified": false,
        "line_number": 5,
        "type": "Base64 High Entropy String",
        "verified_result": null
      },
      {
        "hashed_secret": "cafc23c901cfc536f0dfd181904995de9c0211b3",
        "is_verified": false,
        "line_number": 6,
        "type": "Base64 High Entropy String",
        "verified_result": null
      },
      {
        "hashed_secret": "061df760e671c51aa9e4cb34ab4579c3d18612da",
        "is_verified": false,
        "line_number": 7,
        "type": "Base64 High Entropy String",
        "verified_result": null
      },
      {
        "hashed_secret": "16f032a5c6d458e0581bcb9f66a87bf672cf2b40",
        "is_verified": false,
        "line_number": 8,
        "type": "Base64 High Entropy String",
        "verified_result": null
      },
      {
        "hashed_secret": "6371da1d33092b6485a9ef65af5ece4e326917d2",
        "is_verified": false,
        "line_number": 9,
        "type": "Base64 High Entropy String",
        "verified_result": null
      },
      {
        "hashed_secret": "302c7e644c1998de8ba963db351369f5856980b4",
        "is_verified": false,
        "line_number": 10,
        "type": "Base64 High Entropy String",
        "verified_result": null
      },
      {
        "hashed_secret": "5c718f1d1aca9e2400de528279bdda70f55910bb",
        "is_verified": false,
        "line_number": 11,
        "type": "Base64 High Entropy String",
        "verified_result": null
      },
      {
        "hashed_secret": "8f288828fdd4fdd484f43248c9a56700302f62df",
        "is_verified": false,
        "line_number": 12,
        "type": "Base64 High Entropy String",
        "verified_result": null
      },
      {
        "hashed_secret": "296ba873db5969ee04d33ff502d9e9679ca54783",
        "is_verified": false,
        "line_number": 13,
        "type": "Base64 High Entropy String",
        "verified_result": null
      },
      {
        "hashed_secret": "3125ca19f3e2f426e23c5201df88e4c1d6d88824",
        "is_verified": false,
        "line_number": 14,
        "type": "Base64 High Entropy String",
        "verified_result": null
      },
      {
        "hashed_secret": "4aac9d46ed585a983d958e9207083aa4fe618f25",
        "is_verified": false,
        "line_number": 15,
        "type": "Base64 High Entropy String",
        "verified_result": null
      },
      {
        "hashed_secret": "8deebf1d357418b3b3a472b47d33dce79bd5be15",
        "is_verified": false,
        "line_number": 18,
        "type": "Base64 High Entropy String",
        "verified_result": null
      },
      {
        "hashed_secret": "4dbbe18874344f8a812138c0c9b17841a5fab11d",
        "is_verified": false,
        "line_number": 19,
        "type": "Base64 High Entropy String",
        "verified_result": null
      },
      {
        "hashed_secret": "65ffc39db2f75b4845091c97893c357809cf6cc5",
        "is_verified": false,
        "line_number": 20,
        "type": "Base64 High Entropy String",
        "verified_result": null
      },
      {
        "hashed_secret": "2be264bbd2db7521a74d61d71e494db709bd211a",
        "is_verified": false,
        "line_number": 21,
        "type": "Base64 High Entropy String",
        "verified_result": null
      },
      {
        "hashed_secret": "c47c2bf055f098ff53dd29cf51010ed489bc1af4",
        "is_verified": false,
        "line_number": 22,
        "type": "Base64 High Entropy String",
        "verified_result": null
      },
      {
        "hashed_secret": "22c7b1c10c8f7d1e0ae00face18c00b08118f86e",
        "is_verified": false,
        "line_number": 23,
        "type": "Base64 High Entropy String",
        "verified_result": null
      },
      {
        "hashed_secret": "af4fb14f6fad18647405c158652820f516eb3b6d",
        "is_verified": false,
        "line_number": 24,
        "type": "Base64 High Entropy String",
        "verified_result": null
      },
      {
        "hashed_secret": "5f4b39d551b85e35af580623afdf77a892f1d209",
        "is_verified": false,
        "line_number": 25,
        "type": "Base64 High Entropy String",
        "verified_result": null
      },
      {
        "hashed_secret": "69873dc38e90d48f9aff331cc0f6c4fc7b255c78",
        "is_verified": false,
        "line_number": 26,
        "type": "Base64 High Entropy String",
        "verified_result": null
      },
      {
        "hashed_secret": "1a9f3edadf18ef5ffb188b8e3ecd7b38c6e0edd0",
        "is_verified": false,
        "line_number": 27,
        "type": "Base64 High Entropy String",
        "verified_result": null
      },
      {
        "hashed_secret": "4474f30359409180e8f13a3150160232109e6eea",
        "is_verified": false,
        "line_number": 28,
        "type": "Base64 High Entropy String",
        "verified_result": null
      },
      {
        "hashed_secret": "7c9a7ba92e33ec9eb6d36e64c76f8596f79b2672",
        "is_verified": false,
        "line_number": 29,
        "type": "Base64 High Entropy String",
        "verified_result": null
      },
      {
        "hashed_secret": "fd23dc378fccc478ff5ba29dd8d1f360f3e9c0f9",
        "is_verified": false,
        "line_number": 30,
        "type": "Base64 High Entropy String",
        "verified_result": null
      },
      {
        "hashed_secret": "d644a68b64075f6de7a28ad31e6d67af24df2ee7",
        "is_verified": false,
        "line_number": 31,
        "type": "Base64 High Entropy String",
        "verified_result": null
      },
      {
        "hashed_secret": "803d63d94f763b75cba88b22e6ef4573b274245f",
        "is_verified": false,
        "line_number": 32,
        "type": "Base64 High Entropy String",
        "verified_result": null
      },
      {
        "hashed_secret": "c0cfc0aa518c5e095227fbf31e21f1efa1376452",
        "is_verified": false,
        "line_number": 33,
        "type": "Base64 High Entropy String",
        "verified_result": null
      },
      {
        "hashed_secret": "8c63757e3b22d5349f2c8407330943da5fd8a55a",
        "is_verified": false,
        "line_number": 34,
        "type": "Base64 High Entropy String",
        "verified_result": null
      },
      {
        "hashed_secret": "4b739cc45d8136b297c0b86363a033d7a5c9d263",
        "is_verified": false,
        "line_number": 35,
        "type": "Base64 High Entropy String",
        "verified_result": null
      },
      {
        "hashed_secret": "e8e7938e8d8c9d472564f10ff73f20f65bb0ef51",
        "is_verified": false,
        "line_number": 36,
        "type": "Base64 High Entropy String",
        "verified_result": null
      },
      {
        "hashed_secret": "da59899603cbc994070fab489f59b964c0792b2d",
        "is_verified": false,
        "line_number": 37,
        "type": "Base64 High Entropy String",
        "verified_result": null
      },
      {
        "hashed_secret": "20e78e3b6452c25c88defcb4f2aecfb633df80a2",
        "is_verified": false,
        "line_number": 38,
        "type": "Base64 High Entropy String",
        "verified_result": null
      },
      {
        "hashed_secret": "accbdef780d461b26bea755f29bd194e84bda268",
        "is_verified": false,
        "line_number": 39,
        "type": "Base64 High Entropy String",
        "verified_result": null
      },
      {
        "hashed_secret": "071908a2173b530a0cdca3c75fb7d300f0b96ac1",
        "is_verified": false,
        "line_number": 40,
        "type": "Base64 High Entropy String",
        "verified_result": null
      },
      {
        "hashed_secret": "7c78c8ced15e00b6f8e25fe6a597796ca15f2c9e",
        "is_verified": false,
        "line_number": 41,
        "type": "Base64 High Entropy String",
        "verified_result": null
      },
      {
        "hashed_secret": "a598b8af7cd1c7c78849cfe60e38f20ae39318d3",
        "is_verified": false,
        "line_number": 42,
        "type": "Base64 High Entropy String",
        "verified_result": null
      },
      {
        "hashed_secret": "8709a525c39e3f5df9fbbfb7c3d05ba7e45614db",
        "is_verified": false,
        "line_number": 43,
        "type": "Base64 High Entropy String",
        "verified_result": null
      },
      {
        "hashed_secret": "0189781fc31140ef7d7cc4395e49e0e9f2d08fd0",
        "is_verified": false,
        "line_number": 44,
        "type": "Base64 High Entropy String",
        "verified_result": null
      },
      {
        "hashed_secret": "973bbc0418a5c7613d87d8a3ade32d4f85411826",
        "is_verified": false,
        "line_number": 45,
        "type": "Base64 High Entropy String",
        "verified_result": null
      },
      {
        "hashed_secret": "e9bde59aeb54fbd2bb3e15a18df923294a6e854f",
        "is_verified": false,
        "line_number": 46,
        "type": "Base64 High Entropy String",
        "verified_result": null
      },
      {
        "hashed_secret": "68fc6ab3471b6d7b0525485e8199afb5a6a215c2",
        "is_verified": false,
        "line_number": 47,
        "type": "Base64 High Entropy String",
        "verified_result": null
      },
      {
        "hashed_secret": "a3f03c74057f9ad76ab282173f7eabbcf92c5d59",
        "is_verified": false,
        "line_number": 48,
        "type": "Base64 High Entropy String",
        "verified_result": null
      },
      {
        "hashed_secret": "179a38177cd6f831e7969ffc4f2218962cfc002b",
        "is_verified": false,
        "line_number": 49,
        "type": "Base64 High Entropy String",
        "verified_result": null
      },
      {
        "hashed_secret": "d089f47972b907e8eb4e6f29e960a4bb3695e5b8",
        "is_verified": false,
        "line_number": 50,
        "type": "Base64 High Entropy String",
        "verified_result": null
      },
      {
        "hashed_secret": "b453773932800c41d49e7296cfec8cff034b8814",
        "is_verified": false,
        "line_number": 51,
        "type": "Base64 High Entropy String",
        "verified_result": null
      },
      {
        "hashed_secret": "51b05fd83f20b07a19451f21771c52d405fa2621",
        "is_verified": false,
        "line_number": 52,
        "type": "Base64 High Entropy String",
        "verified_result": null
      },
      {
        "hashed_secret": "ce49ae72872cae359e641b7d8f0c9363ae96a58d",
        "is_verified": false,
        "line_number": 53,
        "type": "Base64 High Entropy String",
        "verified_result": null
      },
      {
        "hashed_secret": "8f3bcce64b7c25eb451d0b288b90fcb645678ea4",
        "is_verified": false,
        "line_number": 54,
        "type": "Base64 High Entropy String",
        "verified_result": null
      },
      {
        "hashed_secret": "7caf8ee250de2c78ab4bf5240d72589479535432",
        "is_verified": false,
        "line_number": 55,
        "type": "Base64 High Entropy String",
        "verified_result": null
      },
      {
        "hashed_secret": "ffada52179302d4f5349c4933ae0afc050d00908",
        "is_verified": false,
        "line_number": 56,
        "type": "Base64 High Entropy String",
        "verified_result": null
      },
      {
        "hashed_secret": "48330395fecb03eaed81dfa6fad1490cb46faaf2",
        "is_verified": false,
        "line_number": 57,
        "type": "Base64 High Entropy String",
        "verified_result": null
      },
      {
        "hashed_secret": "7f2b55031c5d10ba3e28c014a39eabd3bc69a6aa",
        "is_verified": false,
        "line_number": 58,
        "type": "Base64 High Entropy String",
        "verified_result": null
      },
      {
        "hashed_secret": "8f90c825b936a3584cb4bf2fd8a80021119aad3f",
        "is_verified": false,
        "line_number": 59,
        "type": "Base64 High Entropy String",
        "verified_result": null
      },
      {
        "hashed_secret": "253fea0789d92bdb0443c49aa9a7eeeda551925a",
        "is_verified": false,
        "line_number": 60,
        "type": "Base64 High Entropy String",
        "verified_result": null
      },
      {
        "hashed_secret": "1fde00b85b80267a6010acff737e9992822a1e77",
        "is_verified": false,
        "line_number": 61,
        "type": "Base64 High Entropy String",
        "verified_result": null
      },
      {
        "hashed_secret": "3919fd3e6dfeaf885e0418418146cf2556e211bc",
        "is_verified": false,
        "line_number": 62,
        "type": "Base64 High Entropy String",
        "verified_result": null
      },
      {
        "hashed_secret": "b1b1a8fcf3d479d7ca3634b85f507a7b53058999",
        "is_verified": false,
        "line_number": 63,
        "type": "Base64 High Entropy String",
        "verified_result": null
      },
      {
        "hashed_secret": "31ba136a92f8b920b6134cfc6f30c64df800fbea",
        "is_verified": false,
        "line_number": 64,
        "type": "Base64 High Entropy String",
        "verified_result": null
      },
      {
        "hashed_secret": "69f9821dc636ce242787a0541a75acee0cf041ea",
        "is_verified": false,
        "line_number": 65,
        "type": "Base64 High Entropy String",
        "verified_result": null
      },
      {
        "hashed_secret": "afa4dd03c0c075920ec98926d552277d062fe6e4",
        "is_verified": false,
        "line_number": 66,
        "type": "Base64 High Entropy String",
        "verified_result": null
      },
      {
        "hashed_secret": "a8b2361754e0f98c2a9e84131cf20f0331dc9c8f",
        "is_verified": false,
        "line_number": 67,
        "type": "Base64 High Entropy String",
        "verified_result": null
      },
      {
        "hashed_secret": "756c9d7cb4b5a04b29facd86ec7c40ff6aaf29c8",
        "is_verified": false,
        "line_number": 68,
        "type": "Base64 High Entropy String",
        "verified_result": null
      },
      {
        "hashed_secret": "a913076c1cea3468947ff18b3354b4ea40de4b26",
        "is_verified": false,
        "line_number": 69,
        "type": "Base64 High Entropy String",
        "verified_result": null
      },
      {
        "hashed_secret": "c3ef5e71722368e73d3031f4ed9aa48d52cb8ebb",
        "is_verified": false,
        "line_number": 70,
        "type": "Base64 High Entropy String",
        "verified_result": null
      },
      {
        "hashed_secret": "92ecad872dc366c4b61f46eeb5f498e50e2c3a87",
        "is_verified": false,
        "line_number": 71,
        "type": "Base64 High Entropy String",
        "verified_result": null
      },
      {
        "hashed_secret": "b48a3c3f23bc5cf36981c8382a128dd3e8959914",
        "is_verified": false,
        "line_number": 72,
        "type": "Base64 High Entropy String",
        "verified_result": null
      },
      {
        "hashed_secret": "ea15c811af22f8ab49a964f5e04518db653296fe",
        "is_verified": false,
        "line_number": 73,
        "type": "Base64 High Entropy String",
        "verified_result": null
      },
      {
        "hashed_secret": "dd110e08c962caf0040c83db05cd3343588f11ff",
        "is_verified": false,
        "line_number": 74,
        "type": "Base64 High Entropy String",
        "verified_result": null
      },
      {
        "hashed_secret": "0939f85f533f457b09d98db41c2ea0aff295ca8e",
        "is_verified": false,
        "line_number": 75,
        "type": "Base64 High Entropy String",
        "verified_result": null
      },
      {
        "hashed_secret": "2befb83a80982fc4aed4c18230fbe96e06002906",
        "is_verified": false,
        "line_number": 76,
        "type": "Base64 High Entropy String",
        "verified_result": null
      },
      {
        "hashed_secret": "5bd443a2ca78c95ce607397745344a6aff5a5603",
        "is_verified": false,
        "line_number": 77,
        "type": "Base64 High Entropy String",
        "verified_result": null
      },
      {
        "hashed_secret": "663ff96310add0b89fc17989804355fd71961587",
        "is_verified": false,
        "line_number": 78,
        "type": "Base64 High Entropy String",
        "verified_result": null
      },
      {
        "hashed_secret": "60b6054f8e077d77f63d8abccfe3c58496ef9314",
        "is_verified": false,
        "line_number": 79,
        "type": "Base64 High Entropy String",
        "verified_result": null
      },
      {
        "hashed_secret": "b66d571566471f99fc35c72f3a7d69e04bdd0a55",
        "is_verified": false,
        "line_number": 80,
        "type": "Base64 High Entropy String",
        "verified_result": null
      },
      {
        "hashed_secret": "8d66f98e50e1282c5afb2bec633f44395e942388",
        "is_verified": false,
        "line_number": 81,
        "type": "Base64 High Entropy String",
        "verified_result": null
      },
      {
        "hashed_secret": "caf93fb8cfcf0775a2c5346188c9708c4bce1065",
        "is_verified": false,
        "line_number": 82,
        "type": "Base64 High Entropy String",
        "verified_result": null
      },
      {
        "hashed_secret": "34fbaa13320ec7ff69fd37397145e6daf14889b7",
        "is_verified": false,
        "line_number": 85,
        "type": "Base64 High Entropy String",
        "verified_result": null
      },
      {
        "hashed_secret": "ba55ca50e783ffebe84c0254a539613be3b728e8",
        "is_verified": false,
        "line_number": 86,
        "type": "Base64 High Entropy String",
        "verified_result": null
      },
      {
        "hashed_secret": "2f8a13e9ccccb4b0b70cb66934e1f2ec33bc0a58",
        "is_verified": false,
        "line_number": 87,
        "type": "Base64 High Entropy String",
        "verified_result": null
      },
      {
        "hashed_secret": "67c5419059180f408138cf61c1bba898a0ca6393",
        "is_verified": false,
        "line_number": 88,
        "type": "Base64 High Entropy String",
        "verified_result": null
      },
      {
        "hashed_secret": "85c0a7d4bdca0ae87394cc4696c1119c45f2a792",
        "is_verified": false,
        "line_number": 89,
        "type": "Base64 High Entropy String",
        "verified_result": null
      },
      {
        "hashed_secret": "2bae2bdd49b26e19dcb669b44d8b78bc088f7959",
        "is_verified": false,
        "line_number": 90,
        "type": "Base64 High Entropy String",
        "verified_result": null
      },
      {
        "hashed_secret": "ba587f6a940dca65109d203c5816402c862e3c54",
        "is_verified": false,
        "line_number": 91,
        "type": "Base64 High Entropy String",
        "verified_result": null
      },
      {
        "hashed_secret": "7ee178324b977e202c99a1df3f1ae92819b7a67d",
        "is_verified": false,
        "line_number": 92,
        "type": "Base64 High Entropy String",
        "verified_result": null
      },
      {
        "hashed_secret": "8b008690a2114bf8092791ae8aa0b0177a2e78af",
        "is_verified": false,
        "line_number": 93,
        "type": "Base64 High Entropy String",
        "verified_result": null
      },
      {
        "hashed_secret": "e134a4ec1ab316db90f0c25018be96acddea30c3",
        "is_verified": false,
        "line_number": 94,
        "type": "Base64 High Entropy String",
        "verified_result": null
      },
      {
        "hashed_secret": "f5dda56af781999d0cfd187960f197b8eb87ab68",
        "is_verified": false,
        "line_number": 95,
        "type": "Base64 High Entropy String",
        "verified_result": null
      },
      {
        "hashed_secret": "7d7378c331d156cd7bc1fb6386f220d4528136e1",
        "is_verified": false,
        "line_number": 96,
        "type": "Base64 High Entropy String",
        "verified_result": null
      },
      {
        "hashed_secret": "902d3d4c7e754ba608cb443dca5f78050f0a5a7b",
        "is_verified": false,
        "line_number": 97,
        "type": "Base64 High Entropy String",
        "verified_result": null
      },
      {
        "hashed_secret": "1ee7ee704f726ee02d8eb423a4dbc3bb0ea3a673",
        "is_verified": false,
        "line_number": 98,
        "type": "Base64 High Entropy String",
        "verified_result": null
      },
      {
        "hashed_secret": "62ac32a446806286b0a95d10288831b6e997e96d",
        "is_verified": false,
        "line_number": 99,
        "type": "Base64 High Entropy String",
        "verified_result": null
      },
      {
        "hashed_secret": "7ecd8599734d7f76de4d78fc0c83fcda164c22e5",
        "is_verified": false,
        "line_number": 100,
        "type": "Base64 High Entropy String",
        "verified_result": null
      },
      {
        "hashed_secret": "a5037e134fc723eb8a0dbbc3e046240f2ed47ecd",
        "is_verified": false,
        "line_number": 102,
        "type": "Base64 High Entropy String",
        "verified_result": null
      },
      {
        "hashed_secret": "b38699d8705643a8973709b7e5ceeb6bb7a14761",
        "is_verified": false,
        "line_number": 103,
        "type": "Base64 High Entropy String",
        "verified_result": null
      },
      {
        "hashed_secret": "f54eb4d050ee7633586edfd8b3a84c0fe888faa0",
        "is_verified": false,
        "line_number": 105,
        "type": "Base64 High Entropy String",
        "verified_result": null
      },
      {
        "hashed_secret": "f5d25aaa829e956341d0beeac68c516666fa0874",
        "is_verified": false,
        "line_number": 106,
        "type": "Base64 High Entropy String",
        "verified_result": null
      },
      {
        "hashed_secret": "0b8706897cea9a09c48aa2cc0657c4cec6ddc2c5",
        "is_verified": false,
        "line_number": 107,
        "type": "Base64 High Entropy String",
        "verified_result": null
      },
      {
        "hashed_secret": "8916b7bc6d383626b13cde51a928faade383427d",
        "is_verified": false,
        "line_number": 108,
        "type": "Base64 High Entropy String",
        "verified_result": null
      },
      {
        "hashed_secret": "d160ebbc4a9f76d905842e7e64d92c45e2407b4f",
        "is_verified": false,
        "line_number": 109,
        "type": "Base64 High Entropy String",
        "verified_result": null
      },
      {
        "hashed_secret": "430bc5197412f4c8f22336e84866d425d148707f",
        "is_verified": false,
        "line_number": 110,
        "type": "Base64 High Entropy String",
        "verified_result": null
      },
      {
        "hashed_secret": "acf43fb5dd61b5e0b8cda365f2b82e07c0ee30bd",
        "is_verified": false,
        "line_number": 111,
        "type": "Base64 High Entropy String",
        "verified_result": null
      },
      {
        "hashed_secret": "c7650183a346ae042dc23cca37346be944b530e1",
        "is_verified": false,
        "line_number": 112,
        "type": "Base64 High Entropy String",
        "verified_result": null
      },
      {
        "hashed_secret": "dd5ba26d114ada55dc70daf389aa6e157ec59b1e",
        "is_verified": false,
        "line_number": 113,
        "type": "Base64 High Entropy String",
        "verified_result": null
      },
      {
        "hashed_secret": "f73fa39bee1f84fcac08b6014de3e69a15a8c3fa",
        "is_verified": false,
        "line_number": 114,
        "type": "Base64 High Entropy String",
        "verified_result": null
      },
      {
        "hashed_secret": "91a340ad61edde7370e7aeb0eea29b63a26f6367",
        "is_verified": false,
        "line_number": 116,
        "type": "Base64 High Entropy String",
        "verified_result": null
      },
      {
        "hashed_secret": "c382813ad978b45fb54312f408087e014b4374eb",
        "is_verified": false,
        "line_number": 117,
        "type": "Base64 High Entropy String",
        "verified_result": null
      },
      {
        "hashed_secret": "8ae57b52d02d5a5f58e95a38b6b802d02d71eebb",
        "is_verified": false,
        "line_number": 118,
        "type": "Base64 High Entropy String",
        "verified_result": null
      },
      {
        "hashed_secret": "b56f96fc634a46b1d6b218aeccfbedaeb46bdb78",
        "is_verified": false,
        "line_number": 119,
        "type": "Base64 High Entropy String",
        "verified_result": null
      },
      {
        "hashed_secret": "edeee3f2b449f758b8c43e66ee3aa8c054a2d655",
        "is_verified": false,
        "line_number": 120,
        "type": "Base64 High Entropy String",
        "verified_result": null
      },
      {
        "hashed_secret": "0149e66b420da794c5765071d6d66973575166dd",
        "is_verified": false,
        "line_number": 121,
        "type": "Base64 High Entropy String",
        "verified_result": null
      },
      {
        "hashed_secret": "fb44e46eb346f648241a360a191ec8992d651c9b",
        "is_verified": false,
        "line_number": 122,
        "type": "Base64 High Entropy String",
        "verified_result": null
      },
      {
        "hashed_secret": "3610717ff6c42184890641616f6dc7849d18117a",
        "is_verified": false,
        "line_number": 123,
        "type": "Base64 High Entropy String",
        "verified_result": null
      },
      {
        "hashed_secret": "e5a0264a5a47a4db40105f7c65d0248749bebcb0",
        "is_verified": false,
        "line_number": 124,
        "type": "Base64 High Entropy String",
        "verified_result": null
      },
      {
        "hashed_secret": "ff488f845795d3800930c5f6f3e2302ab8274ced",
        "is_verified": false,
        "line_number": 125,
        "type": "Base64 High Entropy String",
        "verified_result": null
      },
      {
        "hashed_secret": "2d8f283974c4178e4be4a31af70ce0137426e7bd",
        "is_verified": false,
        "line_number": 126,
        "type": "Base64 High Entropy String",
        "verified_result": null
      },
      {
        "hashed_secret": "60f7e721ceec6b8d7794998b6bc65792e349729f",
        "is_verified": false,
        "line_number": 127,
        "type": "Base64 High Entropy String",
        "verified_result": null
      },
      {
        "hashed_secret": "cb5a31c2b60354e7f3fe3a788538bb781b34a94f",
        "is_verified": false,
        "line_number": 128,
        "type": "Base64 High Entropy String",
        "verified_result": null
      },
      {
        "hashed_secret": "7e06ce7969d3d518efdec47402c5f0c166a92754",
        "is_verified": false,
        "line_number": 129,
        "type": "Base64 High Entropy String",
        "verified_result": null
      },
      {
        "hashed_secret": "bf1aa4df66ee10a9d98510626fc51d18310b2165",
        "is_verified": false,
        "line_number": 130,
        "type": "Base64 High Entropy String",
        "verified_result": null
      },
      {
        "hashed_secret": "911315a87b968dcc5868049a2fd98b88a1b1c4c5",
        "is_verified": false,
        "line_number": 132,
        "type": "Base64 High Entropy String",
        "verified_result": null
      },
      {
        "hashed_secret": "d8b7d15a6ddd1fe63e5f56d538a721cbe1b4e384",
        "is_verified": false,
        "line_number": 133,
        "type": "Base64 High Entropy String",
        "verified_result": null
      },
      {
        "hashed_secret": "f16e20544c05634663c76b999b6707da9f0ecbcc",
        "is_verified": false,
        "line_number": 134,
        "type": "Base64 High Entropy String",
        "verified_result": null
      },
      {
        "hashed_secret": "a95fa1c6858eb66a7f025dbdc3a600a444ea0554",
        "is_verified": false,
        "line_number": 135,
        "type": "Base64 High Entropy String",
        "verified_result": null
      },
      {
        "hashed_secret": "f32a61f2e6f2ce8daf210f506c4a7112bc541f03",
        "is_verified": false,
        "line_number": 136,
        "type": "Base64 High Entropy String",
        "verified_result": null
      },
      {
        "hashed_secret": "3765eda8e7c792ffa4b4cfca6385122b32fcb9e0",
        "is_verified": false,
        "line_number": 137,
        "type": "Base64 High Entropy String",
        "verified_result": null
      },
      {
        "hashed_secret": "4e8e2a963cbc0880b71eb8663c65652ca1d570f5",
        "is_verified": false,
        "line_number": 138,
        "type": "Base64 High Entropy String",
        "verified_result": null
      },
      {
        "hashed_secret": "49952be58b3267d1fa8d334025727d6a6181340d",
        "is_verified": false,
        "line_number": 139,
        "type": "Base64 High Entropy String",
        "verified_result": null
      },
      {
        "hashed_secret": "b4ca6afb58121e3364ca8352a74615c06471fb15",
        "is_verified": false,
        "line_number": 140,
        "type": "Base64 High Entropy String",
        "verified_result": null
      },
      {
        "hashed_secret": "0989c0d85a75d2204cf6634736270fa5adc7f8e7",
        "is_verified": false,
        "line_number": 141,
        "type": "Base64 High Entropy String",
        "verified_result": null
      },
      {
        "hashed_secret": "13085cf77a70d525ca0e0a6d6565667caff987aa",
        "is_verified": false,
        "line_number": 142,
        "type": "Base64 High Entropy String",
        "verified_result": null
      },
      {
        "hashed_secret": "32cbaf4935af28872e263cad9d4ad5a7cd358bf8",
        "is_verified": false,
        "line_number": 143,
        "type": "Base64 High Entropy String",
        "verified_result": null
      },
      {
        "hashed_secret": "5e2d9b6ec57278592f3f9d26b40b0ec567f34793",
        "is_verified": false,
        "line_number": 144,
        "type": "Base64 High Entropy String",
        "verified_result": null
      },
      {
        "hashed_secret": "d04b6ec772a0df81d85c11dc85eff46d12972341",
        "is_verified": false,
        "line_number": 145,
        "type": "Base64 High Entropy String",
        "verified_result": null
      },
      {
        "hashed_secret": "2efe09f096ba041f2d2f3f6eb317526a104b1e5d",
        "is_verified": false,
        "line_number": 146,
        "type": "Base64 High Entropy String",
        "verified_result": null
      },
      {
        "hashed_secret": "fb108e1726bc32fdc4b89611661e655828346607",
        "is_verified": false,
        "line_number": 147,
        "type": "Base64 High Entropy String",
        "verified_result": null
      },
      {
        "hashed_secret": "f1790216e734267019df49d4c5cb8ca744ad6d79",
        "is_verified": false,
        "line_number": 148,
        "type": "Base64 High Entropy String",
        "verified_result": null
      },
      {
        "hashed_secret": "2e058f5d31a025dcbb77081201af149b73dae821",
        "is_verified": false,
        "line_number": 149,
        "type": "Base64 High Entropy String",
        "verified_result": null
      },
      {
        "hashed_secret": "3fc80e788cd64a62eb2caff52a8bed79ee177b80",
        "is_verified": false,
        "line_number": 150,
        "type": "Base64 High Entropy String",
        "verified_result": null
      },
      {
        "hashed_secret": "c8e1308fe15601c1f2dfe1c3e5585ed3ac183d27",
        "is_verified": false,
        "line_number": 151,
        "type": "Base64 High Entropy String",
        "verified_result": null
      },
      {
        "hashed_secret": "f85d587f3f06d362534d995d8e22f9bc7572af9e",
        "is_verified": false,
        "line_number": 152,
        "type": "Base64 High Entropy String",
        "verified_result": null
      },
      {
        "hashed_secret": "7784cad25b4bc9d492123ca7f61b4c284e37c164",
        "is_verified": false,
        "line_number": 153,
        "type": "Base64 High Entropy String",
        "verified_result": null
      },
      {
        "hashed_secret": "f939221a5b0a07aef07099f0418ce3231660b8ca",
        "is_verified": false,
        "line_number": 154,
        "type": "Base64 High Entropy String",
        "verified_result": null
      },
      {
        "hashed_secret": "c91c8842d38f063e79d56ecd475d4961d4f04fd5",
        "is_verified": false,
        "line_number": 155,
        "type": "Base64 High Entropy String",
        "verified_result": null
      },
      {
        "hashed_secret": "d64386e1070d5c71c14dc461f299de87643ed0b2",
        "is_verified": false,
        "line_number": 156,
        "type": "Base64 High Entropy String",
        "verified_result": null
      },
      {
        "hashed_secret": "85508f499bdd852658877cfe62acfd53fba84e65",
        "is_verified": false,
        "line_number": 157,
        "type": "Base64 High Entropy String",
        "verified_result": null
      },
      {
        "hashed_secret": "3d609c27e2f10c8f98ad3d2c8e46d86d2123141e",
        "is_verified": false,
        "line_number": 158,
        "type": "Base64 High Entropy String",
        "verified_result": null
      },
      {
        "hashed_secret": "9725dda61cec99b7b2c56bce98cdc9dd47931a1d",
        "is_verified": false,
        "line_number": 159,
        "type": "Base64 High Entropy String",
        "verified_result": null
      },
      {
        "hashed_secret": "d27eea70613f1d7c84809a876cf76f55d3cbb08d",
        "is_verified": false,
        "line_number": 160,
        "type": "Base64 High Entropy String",
        "verified_result": null
      },
      {
        "hashed_secret": "e4bf1e1670b740f24aae93d3d436a61309a5e1cd",
        "is_verified": false,
        "line_number": 161,
        "type": "Base64 High Entropy String",
        "verified_result": null
      },
      {
        "hashed_secret": "be835c1bc33a391fc25a2abd548903ab65cf2f4f",
        "is_verified": false,
        "line_number": 162,
        "type": "Base64 High Entropy String",
        "verified_result": null
      },
      {
        "hashed_secret": "81879c995bee51a3ffc9c6994b893961273e346b",
        "is_verified": false,
        "line_number": 163,
        "type": "Base64 High Entropy String",
        "verified_result": null
      },
      {
        "hashed_secret": "a9fe7e00acf54d5afa3436d888b8e81b8a2d91b9",
        "is_verified": false,
        "line_number": 164,
        "type": "Base64 High Entropy String",
        "verified_result": null
      },
      {
        "hashed_secret": "4b294514df61027953b282f43fedbe8324acfe49",
        "is_verified": false,
        "line_number": 165,
        "type": "Base64 High Entropy String",
        "verified_result": null
      },
      {
        "hashed_secret": "18c07c57e3b62656be697b355f322fbc7bd6ff26",
        "is_verified": false,
        "line_number": 166,
        "type": "Base64 High Entropy String",
        "verified_result": null
      },
      {
        "hashed_secret": "81542344ab3aa40487d14449bfa94780640f3756",
        "is_verified": false,
        "line_number": 167,
        "type": "Base64 High Entropy String",
        "verified_result": null
      },
      {
        "hashed_secret": "e5f41c2008304b28e7c4a06ba071d48c7bc993cd",
        "is_verified": false,
        "line_number": 168,
        "type": "Base64 High Entropy String",
        "verified_result": null
      },
      {
        "hashed_secret": "4aa5c73274c35edd5ff01aa1e16e4b281f2aed97",
        "is_verified": false,
        "line_number": 169,
        "type": "Base64 High Entropy String",
        "verified_result": null
      },
      {
        "hashed_secret": "8bac154fa852143edbd55105f58189b443b0feff",
        "is_verified": false,
        "line_number": 170,
        "type": "Base64 High Entropy String",
        "verified_result": null
      },
      {
        "hashed_secret": "21eb2722018cf650f61140867a128313b942fb7c",
        "is_verified": false,
        "line_number": 171,
        "type": "Base64 High Entropy String",
        "verified_result": null
      },
      {
        "hashed_secret": "4218de5bd252e5ebc4b6f5fced2c9456da630214",
        "is_verified": false,
        "line_number": 172,
        "type": "Base64 High Entropy String",
        "verified_result": null
      },
      {
        "hashed_secret": "01c8501268dbf09d2a4d2dd36d54f000d366b914",
        "is_verified": false,
        "line_number": 173,
        "type": "Base64 High Entropy String",
        "verified_result": null
      },
      {
        "hashed_secret": "3d88624b6b0fba56ca011370dd6a9ae9399a4593",
        "is_verified": false,
        "line_number": 174,
        "type": "Base64 High Entropy String",
        "verified_result": null
      },
      {
        "hashed_secret": "84142c3701ed13bfdefd43c3fcfec2df4f1bc2f1",
        "is_verified": false,
        "line_number": 176,
        "type": "Base64 High Entropy String",
        "verified_result": null
      },
      {
        "hashed_secret": "b619452122c5fbc66b1ededcf130cc6e1ced815b",
        "is_verified": false,
        "line_number": 177,
        "type": "Base64 High Entropy String",
        "verified_result": null
      },
      {
        "hashed_secret": "93f36fe32d7b3ff04581ad055720f837c6e34ca6",
        "is_verified": false,
        "line_number": 178,
        "type": "Base64 High Entropy String",
        "verified_result": null
      },
      {
        "hashed_secret": "cd025056400bb92084e9de8d927563d855071c67",
        "is_verified": false,
        "line_number": 179,
        "type": "Base64 High Entropy String",
        "verified_result": null
      },
      {
        "hashed_secret": "69c5e9d8b81e63eb196bb62c86bf89fb0f805f7d",
        "is_verified": false,
        "line_number": 180,
        "type": "Base64 High Entropy String",
        "verified_result": null
      },
      {
        "hashed_secret": "5b9640f67c86ef6857e6b02def47d7d3b996d26b",
        "is_verified": false,
        "line_number": 181,
        "type": "Base64 High Entropy String",
        "verified_result": null
      },
      {
        "hashed_secret": "e2ae11d308c4632de606e1ea2f1c7f9ba60933f6",
        "is_verified": false,
        "line_number": 183,
        "type": "Base64 High Entropy String",
        "verified_result": null
      },
      {
        "hashed_secret": "353122321c6187d5161175fc7ec66731cf25df71",
        "is_verified": false,
        "line_number": 184,
        "type": "Base64 High Entropy String",
        "verified_result": null
      },
      {
        "hashed_secret": "c1d2d9317198a4d4e83db692a04790f696540878",
        "is_verified": false,
        "line_number": 185,
        "type": "Base64 High Entropy String",
        "verified_result": null
      },
      {
        "hashed_secret": "aa945027601e7b92be504f177761e51cd2fc9293",
        "is_verified": false,
        "line_number": 186,
        "type": "Base64 High Entropy String",
        "verified_result": null
      },
      {
        "hashed_secret": "a5153026164a8b6aec7ea9f54ab4742295bc0854",
        "is_verified": false,
        "line_number": 187,
        "type": "Base64 High Entropy String",
        "verified_result": null
      },
      {
        "hashed_secret": "f78d2a86ab2f64ebcc591442fa0a1be2143ecb46",
        "is_verified": false,
        "line_number": 188,
        "type": "Base64 High Entropy String",
        "verified_result": null
      },
      {
        "hashed_secret": "f4bb8ca64092c1280e90641a047ff789153560da",
        "is_verified": false,
        "line_number": 189,
        "type": "Base64 High Entropy String",
        "verified_result": null
      },
      {
        "hashed_secret": "e03e515e5772e55ac4851da60f848963054401b3",
        "is_verified": false,
        "line_number": 190,
        "type": "Base64 High Entropy String",
        "verified_result": null
      },
      {
        "hashed_secret": "992121b209a164633d83d67597ada81b4b872157",
        "is_verified": false,
        "line_number": 191,
        "type": "Base64 High Entropy String",
        "verified_result": null
      },
      {
        "hashed_secret": "709177e5da87e8bba447938448346391cc44ab75",
        "is_verified": false,
        "line_number": 192,
        "type": "Base64 High Entropy String",
        "verified_result": null
      },
      {
        "hashed_secret": "26003ea45ee54ae0c27ff9e6156c3a353bfbf0cb",
        "is_verified": false,
        "line_number": 193,
        "type": "Base64 High Entropy String",
        "verified_result": null
      },
      {
        "hashed_secret": "d858adb1976228c458c39e2564548b3e2466d8d5",
        "is_verified": false,
        "line_number": 194,
        "type": "Base64 High Entropy String",
        "verified_result": null
      },
      {
        "hashed_secret": "2a121045077827d5351ca3efa4f0ff78681f7cb1",
        "is_verified": false,
        "line_number": 195,
        "type": "Base64 High Entropy String",
        "verified_result": null
      },
      {
        "hashed_secret": "97e96a7ea29b4f99c9b9bbb045e797d6752fe4f7",
        "is_verified": false,
        "line_number": 196,
        "type": "Base64 High Entropy String",
        "verified_result": null
      },
      {
        "hashed_secret": "83c1fd37daf1d5e291377c39e12266e6d0ea26f8",
        "is_verified": false,
        "line_number": 197,
        "type": "Base64 High Entropy String",
        "verified_result": null
      },
      {
        "hashed_secret": "76594470584999cd3daa02472c7438384638f8a5",
        "is_verified": false,
        "line_number": 198,
        "type": "Base64 High Entropy String",
        "verified_result": null
      },
      {
        "hashed_secret": "768751ed301e8f6360f04a487abae4b49a687e75",
        "is_verified": false,
        "line_number": 199,
        "type": "Base64 High Entropy String",
        "verified_result": null
      },
      {
        "hashed_secret": "49c862d80b3e38f82c8cbeb3d19568d8891d2e93",
        "is_verified": false,
        "line_number": 200,
        "type": "Base64 High Entropy String",
        "verified_result": null
      },
      {
        "hashed_secret": "adc70ea8ba85338db2c2a9a8f0230e7e1cb7a5e7",
        "is_verified": false,
        "line_number": 201,
        "type": "Base64 High Entropy String",
        "verified_result": null
      },
      {
        "hashed_secret": "f19d85fd5c66bf26201ba29022bd1137a646e35c",
        "is_verified": false,
        "line_number": 202,
        "type": "Base64 High Entropy String",
        "verified_result": null
      },
      {
        "hashed_secret": "45af28e4d0cf8e0aeb0d1429fa3f40d73b43a28a",
        "is_verified": false,
        "line_number": 203,
        "type": "Base64 High Entropy String",
        "verified_result": null
      },
      {
        "hashed_secret": "8f5e8c486a82ff9af6f2334c48e0d5cee62da5d6",
        "is_verified": false,
        "line_number": 204,
        "type": "Base64 High Entropy String",
        "verified_result": null
      },
      {
        "hashed_secret": "c90d36bac42b87227118bf83e6d544a277ac5d6d",
        "is_verified": false,
        "line_number": 205,
        "type": "Base64 High Entropy String",
        "verified_result": null
      },
      {
        "hashed_secret": "1b302091509b47f1a52c033167d60255428b1044",
        "is_verified": false,
        "line_number": 206,
        "type": "Base64 High Entropy String",
        "verified_result": null
      },
      {
        "hashed_secret": "c0d6d2cabf143140dc0a47fc6bafdce13b581783",
        "is_verified": false,
        "line_number": 207,
        "type": "Base64 High Entropy String",
        "verified_result": null
      },
      {
        "hashed_secret": "90018b2a46f90d31d392e8cfe617bcbf4e24ed27",
        "is_verified": false,
        "line_number": 208,
        "type": "Base64 High Entropy String",
        "verified_result": null
      },
      {
        "hashed_secret": "a77b8bfd6244beb55d617e30a2472242f02d4373",
        "is_verified": false,
        "line_number": 209,
        "type": "Base64 High Entropy String",
        "verified_result": null
      },
      {
        "hashed_secret": "171b1e931ef4e69d0a2877f43432ae7cb273dc81",
        "is_verified": false,
        "line_number": 210,
        "type": "Base64 High Entropy String",
        "verified_result": null
      },
      {
        "hashed_secret": "cc709cd16709ca3e1981e931cc42e8bf3acedecd",
        "is_verified": false,
        "line_number": 211,
        "type": "Base64 High Entropy String",
        "verified_result": null
      },
      {
        "hashed_secret": "9e9db4c380ab0135aae0f9e9a8bb02782a99b938",
        "is_verified": false,
        "line_number": 212,
        "type": "Base64 High Entropy String",
        "verified_result": null
      },
      {
        "hashed_secret": "5b4c012bebd0c5d71d82f466a2082933d30a5672",
        "is_verified": false,
        "line_number": 213,
        "type": "Base64 High Entropy String",
        "verified_result": null
      },
      {
        "hashed_secret": "a93a6a278e81cd14641ade053cb08f7379e0f74e",
        "is_verified": false,
        "line_number": 214,
        "type": "Base64 High Entropy String",
        "verified_result": null
      },
      {
        "hashed_secret": "5eb96099e358e2f2cfd1b5e13f10e9c9c3ccf475",
        "is_verified": false,
        "line_number": 215,
        "type": "Base64 High Entropy String",
        "verified_result": null
      },
      {
        "hashed_secret": "cd3ca6b3c7dff19af4a52e8a3aedc01f07078b86",
        "is_verified": false,
        "line_number": 216,
        "type": "Base64 High Entropy String",
        "verified_result": null
      },
      {
        "hashed_secret": "6deb9ac10eee4782e22e7c6057eb83e636936597",
        "is_verified": false,
        "line_number": 217,
        "type": "Base64 High Entropy String",
        "verified_result": null
      },
      {
        "hashed_secret": "bde78c4a306a32f5cb5731ec0853cc739de8694e",
        "is_verified": false,
        "line_number": 218,
        "type": "Base64 High Entropy String",
        "verified_result": null
      },
      {
        "hashed_secret": "11ce582d48da6a79ad16a63e7e813925d820c775",
        "is_verified": false,
        "line_number": 219,
        "type": "Base64 High Entropy String",
        "verified_result": null
      },
      {
        "hashed_secret": "a1cf9a1c2f341c5c7aa4524c6b58c3b2619e4ad1",
        "is_verified": false,
        "line_number": 220,
        "type": "Base64 High Entropy String",
        "verified_result": null
      },
      {
        "hashed_secret": "508b1d98c86a5e3260085ac7cefffed003bdaeb0",
        "is_verified": false,
        "line_number": 221,
        "type": "Base64 High Entropy String",
        "verified_result": null
      },
      {
        "hashed_secret": "46d093c9d26ba194b91e9662a735f1b33cb6be8f",
        "is_verified": false,
        "line_number": 222,
        "type": "Base64 High Entropy String",
        "verified_result": null
      },
      {
        "hashed_secret": "5827fe413121ad12d168fc65cb97bd55fdafc1ec",
        "is_verified": false,
        "line_number": 223,
        "type": "Base64 High Entropy String",
        "verified_result": null
      },
      {
        "hashed_secret": "1066b7de41f76739de4a5345b9cb04389c978860",
        "is_verified": false,
        "line_number": 224,
        "type": "Base64 High Entropy String",
        "verified_result": null
      },
      {
        "hashed_secret": "110a93cd824196139979e51e6c1712f60a2be7fc",
        "is_verified": false,
        "line_number": 225,
        "type": "Base64 High Entropy String",
        "verified_result": null
      },
      {
        "hashed_secret": "667ef35de8e55cffe6e181bd489513f3bbfdf453",
        "is_verified": false,
        "line_number": 226,
        "type": "Base64 High Entropy String",
        "verified_result": null
      },
      {
        "hashed_secret": "5a19ada9d21e4c8318ae125fe4dcf1d2d5c20d51",
        "is_verified": false,
        "line_number": 227,
        "type": "Base64 High Entropy String",
        "verified_result": null
      },
      {
        "hashed_secret": "066a56925ac56242bee6740d92badb63cc907ef9",
        "is_verified": false,
        "line_number": 228,
        "type": "Base64 High Entropy String",
        "verified_result": null
      },
      {
        "hashed_secret": "cb0b802e292da83d31d114c50955b5bba61f0466",
        "is_verified": false,
        "line_number": 229,
        "type": "Base64 High Entropy String",
        "verified_result": null
      },
      {
        "hashed_secret": "505ff268aacc47fca9d31a977b7480e93e10728a",
        "is_verified": false,
        "line_number": 230,
        "type": "Base64 High Entropy String",
        "verified_result": null
      }
    ],
    "clusters/kops/playbooks/roles/docker/tasks/install_registry_secret.yaml": [
      {
        "hashed_secret": "16c84e79651dc3295ef9fde9b1dffc6afc799262",
        "is_verified": false,
        "line_number": 18,
        "type": "Secret Keyword",
        "verified_result": null
      }
    ],
    "documentation/getting-started/leaderboard.md": [
      {
        "hashed_secret": "d1da57683505716a1a8716658c4432742355360a",
        "is_verified": false,
        "line_number": 40,
        "type": "Secret Keyword",
        "verified_result": null
      }
    ],
    "documentation/getting-started/scenarios.md": [
      {
        "hashed_secret": "0c38457a72c89d7b79c21427f8a08028edcd1c0f",
        "is_verified": false,
        "line_number": 226,
        "type": "Secret Keyword",
        "verified_result": null
      }
    ],
    "scenarios/ciso/3.gen-cis-b-rhel9-ansible-opa/playbooks/vars.yaml": [
      {
        "hashed_secret": "d2e2ab0f407e4ee3cf2ab87d61c31b25a74085e5",
        "is_verified": false,
        "line_number": 25,
        "type": "Secret Keyword",
        "verified_result": null
      }
    ],
    "scenarios/ciso/3.gen-cis-b-rhel9-ansible-opa/tasks/user_create.yml": [
      {
        "hashed_secret": "d2e2ab0f407e4ee3cf2ab87d61c31b25a74085e5",
        "is_verified": false,
        "line_number": 14,
        "type": "Secret Keyword",
        "verified_result": null
      },
      {
        "hashed_secret": "f19492d4bfbd4787cc64a1a847385a3a2ea93c0b",
        "is_verified": false,
        "line_number": 47,
        "type": "Secret Keyword",
        "verified_result": null
      }
    ],
    "scenarios/sre/project/roles/awx/tasks/configure_projects.yaml": [
      {
        "hashed_secret": "d2e2ab0f407e4ee3cf2ab87d61c31b25a74085e5",
        "is_verified": false,
        "line_number": 33,
        "type": "Secret Keyword",
        "verified_result": null
      }
    ],
    "scenarios/sre/project/roles/awx/tasks/configure_workflows.yaml": [
      {
        "hashed_secret": "28ed3a797da3c48c309a4ef792147f3c56cfec40",
        "is_verified": false,
        "line_number": 13,
        "type": "Secret Keyword",
        "verified_result": null
      }
    ],
    "scenarios/sre/tools/opentelemetry-collector-builder/go.sum": [
      {
        "hashed_secret": "4aac9d46ed585a983d958e9207083aa4fe618f25",
        "is_verified": false,
        "line_number": 1,
        "type": "Base64 High Entropy String",
        "verified_result": null
      },
      {
        "hashed_secret": "e7d2b52449737744aa82f66895db6409dd7efc89",
        "is_verified": false,
        "line_number": 2,
        "type": "Base64 High Entropy String",
        "verified_result": null
      },
      {
        "hashed_secret": "4dbbe18874344f8a812138c0c9b17841a5fab11d",
        "is_verified": false,
        "line_number": 3,
        "type": "Base64 High Entropy String",
        "verified_result": null
      },
      {
        "hashed_secret": "a7ce868360c84547053f556c1b8a7f9a0f8b1d1c",
        "is_verified": false,
        "line_number": 4,
        "type": "Base64 High Entropy String",
        "verified_result": null
      },
      {
        "hashed_secret": "a8634bab8c9996a3d83613f7fbc398dbe1179d98",
        "is_verified": false,
        "line_number": 5,
        "type": "Base64 High Entropy String",
        "verified_result": null
      },
      {
        "hashed_secret": "b67cd35e21254731cc38afe8e7b932358bf43490",
        "is_verified": false,
        "line_number": 6,
        "type": "Base64 High Entropy String",
        "verified_result": null
      },
      {
        "hashed_secret": "5c07fe19a4857daf121f6eb395ca69ef3ad61972",
        "is_verified": false,
        "line_number": 7,
        "type": "Base64 High Entropy String",
        "verified_result": null
      },
      {
        "hashed_secret": "34fbaa13320ec7ff69fd37397145e6daf14889b7",
        "is_verified": false,
        "line_number": 8,
        "type": "Base64 High Entropy String",
        "verified_result": null
      },
      {
        "hashed_secret": "ba55ca50e783ffebe84c0254a539613be3b728e8",
        "is_verified": false,
        "line_number": 9,
        "type": "Base64 High Entropy String",
        "verified_result": null
      },
      {
        "hashed_secret": "00c98d2101e77f05d68358d42a0d5409a7ec0ffd",
        "is_verified": false,
        "line_number": 10,
        "type": "Base64 High Entropy String",
        "verified_result": null
      },
      {
        "hashed_secret": "57b2a6978737b977e8f8ab72236d91fbda32d3ea",
        "is_verified": false,
        "line_number": 11,
        "type": "Base64 High Entropy String",
        "verified_result": null
      },
      {
        "hashed_secret": "a7ce2a9027c3c89989073e1b850584fb935fb2dc",
        "is_verified": false,
        "line_number": 12,
        "type": "Base64 High Entropy String",
        "verified_result": null
      },
      {
        "hashed_secret": "2bc483379fd674c8188a72d75b7573544604c57b",
        "is_verified": false,
        "line_number": 13,
        "type": "Base64 High Entropy String",
        "verified_result": null
      },
      {
        "hashed_secret": "0feff7d883767765844f350ddf7f3c43c20def07",
        "is_verified": false,
        "line_number": 14,
        "type": "Base64 High Entropy String",
        "verified_result": null
      },
      {
        "hashed_secret": "71c135b2ae522e0ee3d06fb2760113845b4488fb",
        "is_verified": false,
        "line_number": 15,
        "type": "Base64 High Entropy String",
        "verified_result": null
      },
      {
        "hashed_secret": "b28e23cba19972a4b3010e6bb15b6dc27f4ee2f1",
        "is_verified": false,
        "line_number": 16,
        "type": "Base64 High Entropy String",
        "verified_result": null
      },
      {
        "hashed_secret": "d70c8193961050ca8fe54745a71fdc6eee370659",
        "is_verified": false,
        "line_number": 17,
        "type": "Base64 High Entropy String",
        "verified_result": null
      },
      {
        "hashed_secret": "8099858d93d49bad0558abf9722ccb0eb89d23d3",
        "is_verified": false,
        "line_number": 18,
        "type": "Base64 High Entropy String",
        "verified_result": null
      },
      {
        "hashed_secret": "acbbd9de5c2479c2d86efd19abecfe9daa0cba0e",
        "is_verified": false,
        "line_number": 19,
        "type": "Base64 High Entropy String",
        "verified_result": null
      },
      {
        "hashed_secret": "a2ef056491eb851f14db70f74e7914fe35ffdcfa",
        "is_verified": false,
        "line_number": 20,
        "type": "Base64 High Entropy String",
        "verified_result": null
      },
      {
        "hashed_secret": "6dad4f9288c4371432d1cc4466c026f34002370a",
        "is_verified": false,
        "line_number": 21,
        "type": "Base64 High Entropy String",
        "verified_result": null
      },
      {
        "hashed_secret": "ba587f6a940dca65109d203c5816402c862e3c54",
        "is_verified": false,
        "line_number": 22,
        "type": "Base64 High Entropy String",
        "verified_result": null
      },
      {
        "hashed_secret": "7ee178324b977e202c99a1df3f1ae92819b7a67d",
        "is_verified": false,
        "line_number": 23,
        "type": "Base64 High Entropy String",
        "verified_result": null
      },
      {
        "hashed_secret": "8b008690a2114bf8092791ae8aa0b0177a2e78af",
        "is_verified": false,
        "line_number": 24,
        "type": "Base64 High Entropy String",
        "verified_result": null
      },
      {
        "hashed_secret": "e134a4ec1ab316db90f0c25018be96acddea30c3",
        "is_verified": false,
        "line_number": 25,
        "type": "Base64 High Entropy String",
        "verified_result": null
      },
      {
        "hashed_secret": "be80b31115d7d31662755b0a887a7db6159c3ff4",
        "is_verified": false,
        "line_number": 26,
        "type": "Base64 High Entropy String",
        "verified_result": null
      },
      {
        "hashed_secret": "0ff0cf7ccc89637b0571d266bc8ebaee74dabdae",
        "is_verified": false,
        "line_number": 27,
        "type": "Base64 High Entropy String",
        "verified_result": null
      },
      {
        "hashed_secret": "13e6bf1c325508cc263dbdfa5a76593d9ac1f646",
        "is_verified": false,
        "line_number": 28,
        "type": "Base64 High Entropy String",
        "verified_result": null
      },
      {
        "hashed_secret": "93a7fd05464cab4859542a2d78be0189aeaa1f7b",
        "is_verified": false,
        "line_number": 29,
        "type": "Base64 High Entropy String",
        "verified_result": null
      },
      {
        "hashed_secret": "6a4a1948d9e9978e41ee2d466928b91e8ac5d54b",
        "is_verified": false,
        "line_number": 30,
        "type": "Base64 High Entropy String",
        "verified_result": null
      },
      {
        "hashed_secret": "c382813ad978b45fb54312f408087e014b4374eb",
        "is_verified": false,
        "line_number": 31,
        "type": "Base64 High Entropy String",
        "verified_result": null
      },
      {
        "hashed_secret": "ddf772c359f79467b55c662a7cd7dbfa259ad1c8",
        "is_verified": false,
        "line_number": 32,
        "type": "Base64 High Entropy String",
        "verified_result": null
      },
      {
        "hashed_secret": "7463de3990ced515e0d6d43c6539e193366878c6",
        "is_verified": false,
        "line_number": 33,
        "type": "Base64 High Entropy String",
        "verified_result": null
      },
      {
        "hashed_secret": "cb5a31c2b60354e7f3fe3a788538bb781b34a94f",
        "is_verified": false,
        "line_number": 34,
        "type": "Base64 High Entropy String",
        "verified_result": null
      },
      {
        "hashed_secret": "7e06ce7969d3d518efdec47402c5f0c166a92754",
        "is_verified": false,
        "line_number": 35,
        "type": "Base64 High Entropy String",
        "verified_result": null
      },
      {
        "hashed_secret": "bf1aa4df66ee10a9d98510626fc51d18310b2165",
        "is_verified": false,
        "line_number": 36,
        "type": "Base64 High Entropy String",
        "verified_result": null
      },
      {
        "hashed_secret": "911315a87b968dcc5868049a2fd98b88a1b1c4c5",
        "is_verified": false,
        "line_number": 38,
        "type": "Base64 High Entropy String",
        "verified_result": null
      },
      {
        "hashed_secret": "d8b7d15a6ddd1fe63e5f56d538a721cbe1b4e384",
        "is_verified": false,
        "line_number": 39,
        "type": "Base64 High Entropy String",
        "verified_result": null
      },
      {
        "hashed_secret": "4e8e2a963cbc0880b71eb8663c65652ca1d570f5",
        "is_verified": false,
        "line_number": 40,
        "type": "Base64 High Entropy String",
        "verified_result": null
      },
      {
        "hashed_secret": "49952be58b3267d1fa8d334025727d6a6181340d",
        "is_verified": false,
        "line_number": 41,
        "type": "Base64 High Entropy String",
        "verified_result": null
      },
      {
        "hashed_secret": "66dc38e81ef0cb5d195b3dbad17eb0d7e902d985",
        "is_verified": false,
        "line_number": 42,
        "type": "Base64 High Entropy String",
        "verified_result": null
      },
      {
        "hashed_secret": "a7499aeed72a6c0243e32194a8bfd32e73f780d1",
        "is_verified": false,
        "line_number": 43,
        "type": "Base64 High Entropy String",
        "verified_result": null
      },
      {
        "hashed_secret": "f939221a5b0a07aef07099f0418ce3231660b8ca",
        "is_verified": false,
        "line_number": 44,
        "type": "Base64 High Entropy String",
        "verified_result": null
      },
      {
        "hashed_secret": "c91c8842d38f063e79d56ecd475d4961d4f04fd5",
        "is_verified": false,
        "line_number": 45,
        "type": "Base64 High Entropy String",
        "verified_result": null
      },
      {
        "hashed_secret": "d64386e1070d5c71c14dc461f299de87643ed0b2",
        "is_verified": false,
        "line_number": 46,
        "type": "Base64 High Entropy String",
        "verified_result": null
      },
      {
        "hashed_secret": "85508f499bdd852658877cfe62acfd53fba84e65",
        "is_verified": false,
        "line_number": 47,
        "type": "Base64 High Entropy String",
        "verified_result": null
      },
      {
        "hashed_secret": "975f7b6642c5d2793cd58cd3a377812ec99d071c",
        "is_verified": false,
        "line_number": 48,
        "type": "Base64 High Entropy String",
        "verified_result": null
      },
      {
        "hashed_secret": "caf83ba3accd0f6e79dc335a39a622e16d84cb3a",
        "is_verified": false,
        "line_number": 49,
        "type": "Base64 High Entropy String",
        "verified_result": null
      },
      {
        "hashed_secret": "be835c1bc33a391fc25a2abd548903ab65cf2f4f",
        "is_verified": false,
        "line_number": 50,
        "type": "Base64 High Entropy String",
        "verified_result": null
      },
      {
        "hashed_secret": "81879c995bee51a3ffc9c6994b893961273e346b",
        "is_verified": false,
        "line_number": 51,
        "type": "Base64 High Entropy String",
        "verified_result": null
      },
      {
        "hashed_secret": "4f01b53ae7d776690a67f458937ef55677152dd1",
        "is_verified": false,
        "line_number": 52,
        "type": "Base64 High Entropy String",
        "verified_result": null
      },
      {
        "hashed_secret": "6d3337e0e05efc3003d3fdf5a0e4d47a9e6ea8b8",
        "is_verified": false,
        "line_number": 53,
        "type": "Base64 High Entropy String",
        "verified_result": null
      },
      {
        "hashed_secret": "4c9f83d019d536256479c3a5b5d1ed8169ad37de",
        "is_verified": false,
        "line_number": 54,
        "type": "Base64 High Entropy String",
        "verified_result": null
      },
      {
        "hashed_secret": "bf3142726a74cca84731c2705d90fbb47eb16bb9",
        "is_verified": false,
        "line_number": 55,
        "type": "Base64 High Entropy String",
        "verified_result": null
      },
      {
        "hashed_secret": "aa945027601e7b92be504f177761e51cd2fc9293",
        "is_verified": false,
        "line_number": 56,
        "type": "Base64 High Entropy String",
        "verified_result": null
      },
      {
        "hashed_secret": "a5153026164a8b6aec7ea9f54ab4742295bc0854",
        "is_verified": false,
        "line_number": 57,
        "type": "Base64 High Entropy String",
        "verified_result": null
      },
      {
        "hashed_secret": "f78d2a86ab2f64ebcc591442fa0a1be2143ecb46",
        "is_verified": false,
        "line_number": 58,
        "type": "Base64 High Entropy String",
        "verified_result": null
      },
      {
        "hashed_secret": "26003ea45ee54ae0c27ff9e6156c3a353bfbf0cb",
        "is_verified": false,
        "line_number": 59,
        "type": "Base64 High Entropy String",
        "verified_result": null
      },
      {
        "hashed_secret": "d858adb1976228c458c39e2564548b3e2466d8d5",
        "is_verified": false,
        "line_number": 60,
        "type": "Base64 High Entropy String",
        "verified_result": null
      }
    ]
  },
  "version": "0.13.1+ibm.64.dss",
  "word_list": {
    "file": null,
    "hash": null
  }
}
